// Jest Snapshot v1, https://goo.gl/fbAQLP

exports[`renders correctly 1`] = `
<Text
  accessibilityRole="text"
  style={
    [
      {
        "color": "#18181b",
      },
      {
        "fontFamily": "Poppins",
        "fontSize": 16,
        "fontWeight": "400",
        "letterSpacing": 0.25,
      },
      undefined,
    ]
  }
>
  Snapshot test!
</Text>
`;
